Archive member included to satisfy reference by file (symbol)

c:/program files (x86)/gnu tools arm embedded/6 2017-q1-update/bin/../lib/gcc/arm-none-eabi/6.3.1/thumb/v6-m\libgcc.a(_udivsi3.o)
                              ./Library/StdDriver/src/fmc.o (__aeabi_uidiv)
c:/program files (x86)/gnu tools arm embedded/6 2017-q1-update/bin/../lib/gcc/arm-none-eabi/6.3.1/thumb/v6-m\libgcc.a(_dvmd_tls.o)
                              c:/program files (x86)/gnu tools arm embedded/6 2017-q1-update/bin/../lib/gcc/arm-none-eabi/6.3.1/thumb/v6-m\libgcc.a(_udivsi3.o) (__aeabi_idiv0)
c:/program files (x86)/gnu tools arm embedded/6 2017-q1-update/bin/../lib/gcc/arm-none-eabi/6.3.1/../../../../arm-none-eabi/lib/thumb/v6-m\libg_nano.a(lib_a-errno.o)
                              ./CMSIS/GCC/_syscalls.o (__errno)
c:/program files (x86)/gnu tools arm embedded/6 2017-q1-update/bin/../lib/gcc/arm-none-eabi/6.3.1/../../../../arm-none-eabi/lib/thumb/v6-m\libg_nano.a(lib_a-exit.o)
                              c:/program files (x86)/gnu tools arm embedded/6 2017-q1-update/bin/../lib/gcc/arm-none-eabi/6.3.1/../../../../arm-none-eabi/lib/thumb/v6-m/crt0.o (exit)
c:/program files (x86)/gnu tools arm embedded/6 2017-q1-update/bin/../lib/gcc/arm-none-eabi/6.3.1/../../../../arm-none-eabi/lib/thumb/v6-m\libg_nano.a(lib_a-impure.o)
                              c:/program files (x86)/gnu tools arm embedded/6 2017-q1-update/bin/../lib/gcc/arm-none-eabi/6.3.1/../../../../arm-none-eabi/lib/thumb/v6-m\libg_nano.a(lib_a-exit.o) (_global_impure_ptr)
c:/program files (x86)/gnu tools arm embedded/6 2017-q1-update/bin/../lib/gcc/arm-none-eabi/6.3.1/../../../../arm-none-eabi/lib/thumb/v6-m\libg_nano.a(lib_a-init.o)
                              c:/program files (x86)/gnu tools arm embedded/6 2017-q1-update/bin/../lib/gcc/arm-none-eabi/6.3.1/../../../../arm-none-eabi/lib/thumb/v6-m/crt0.o (__libc_init_array)
c:/program files (x86)/gnu tools arm embedded/6 2017-q1-update/bin/../lib/gcc/arm-none-eabi/6.3.1/../../../../arm-none-eabi/lib/thumb/v6-m\libg_nano.a(lib_a-memset.o)
                              c:/program files (x86)/gnu tools arm embedded/6 2017-q1-update/bin/../lib/gcc/arm-none-eabi/6.3.1/../../../../arm-none-eabi/lib/thumb/v6-m/crt0.o (memset)
c:/program files (x86)/gnu tools arm embedded/6 2017-q1-update/bin/../lib/gcc/arm-none-eabi/6.3.1/../../../../arm-none-eabi/lib/thumb/v6-m\libg_nano.a(lib_a-printf.o)
                              ./User/main.o (printf)
c:/program files (x86)/gnu tools arm embedded/6 2017-q1-update/bin/../lib/gcc/arm-none-eabi/6.3.1/../../../../arm-none-eabi/lib/thumb/v6-m\libg_nano.a(lib_a-puts.o)
                              ./User/main.o (puts)
c:/program files (x86)/gnu tools arm embedded/6 2017-q1-update/bin/../lib/gcc/arm-none-eabi/6.3.1/../../../../arm-none-eabi/lib/thumb/v6-m\libg_nano.a(lib_a-strlen.o)
                              ./User/Word_Table.o (strlen)
c:/program files (x86)/gnu tools arm embedded/6 2017-q1-update/bin/../lib/gcc/arm-none-eabi/6.3.1/../../../../arm-none-eabi/lib/thumb/v6-m\libg_nano.a(lib_a-wbuf.o)
                              c:/program files (x86)/gnu tools arm embedded/6 2017-q1-update/bin/../lib/gcc/arm-none-eabi/6.3.1/../../../../arm-none-eabi/lib/thumb/v6-m\libg_nano.a(lib_a-puts.o) (__swbuf_r)
c:/program files (x86)/gnu tools arm embedded/6 2017-q1-update/bin/../lib/gcc/arm-none-eabi/6.3.1/../../../../arm-none-eabi/lib/thumb/v6-m\libg_nano.a(lib_a-wsetup.o)
                              c:/program files (x86)/gnu tools arm embedded/6 2017-q1-update/bin/../lib/gcc/arm-none-eabi/6.3.1/../../../../arm-none-eabi/lib/thumb/v6-m\libg_nano.a(lib_a-puts.o) (__swsetup_r)
c:/program files (x86)/gnu tools arm embedded/6 2017-q1-update/bin/../lib/gcc/arm-none-eabi/6.3.1/../../../../arm-none-eabi/lib/thumb/v6-m\libg_nano.a(lib_a-fflush.o)
                              c:/program files (x86)/gnu tools arm embedded/6 2017-q1-update/bin/../lib/gcc/arm-none-eabi/6.3.1/../../../../arm-none-eabi/lib/thumb/v6-m\libg_nano.a(lib_a-wbuf.o) (_fflush_r)
c:/program files (x86)/gnu tools arm embedded/6 2017-q1-update/bin/../lib/gcc/arm-none-eabi/6.3.1/../../../../arm-none-eabi/lib/thumb/v6-m\libg_nano.a(lib_a-findfp.o)
                              c:/program files (x86)/gnu tools arm embedded/6 2017-q1-update/bin/../lib/gcc/arm-none-eabi/6.3.1/../../../../arm-none-eabi/lib/thumb/v6-m\libg_nano.a(lib_a-printf.o) (__sinit)
c:/program files (x86)/gnu tools arm embedded/6 2017-q1-update/bin/../lib/gcc/arm-none-eabi/6.3.1/../../../../arm-none-eabi/lib/thumb/v6-m\libg_nano.a(lib_a-fwalk.o)
                              c:/program files (x86)/gnu tools arm embedded/6 2017-q1-update/bin/../lib/gcc/arm-none-eabi/6.3.1/../../../../arm-none-eabi/lib/thumb/v6-m\libg_nano.a(lib_a-findfp.o) (_fwalk)
c:/program files (x86)/gnu tools arm embedded/6 2017-q1-update/bin/../lib/gcc/arm-none-eabi/6.3.1/../../../../arm-none-eabi/lib/thumb/v6-m\libg_nano.a(lib_a-makebuf.o)
[...]
Memory Configuration

Name             Origin             Length             Attributes
FLASH            0x00000000         0x00008000         xr
RAM              0x20000000         0x00001000         xrw
*default*        0x00000000         0xffffffff

Linker script and memory map

LOAD c:/program files (x86)/gnu tools arm embedded/6 2017-q1-update/bin/../lib/gcc/arm-none-eabi/6.3.1/thumb/v6-m/crti.o
LOAD c:/program files (x86)/gnu tools arm embedded/6 2017-q1-update/bin/../lib/gcc/arm-none-eabi/6.3.1/thumb/v6-m/crtbegin.o
LOAD c:/program files (x86)/gnu tools arm embedded/6 2017-q1-update/bin/../lib/gcc/arm-none-eabi/6.3.1/../../../../arm-none-eabi/lib/thumb/v6-m/crt0.o
LOAD ./User/ARGB.o
LOAD ./User/Word_Table.o
LOAD ./User/main.o
LOAD ./Library/StdDriver/src/clk.o
LOAD ./Library/StdDriver/src/crc.o
LOAD ./Library/StdDriver/src/fmc.o
LOAD ./Library/StdDriver/src/gpio.o
LOAD ./Library/StdDriver/src/pdma.o
LOAD ./Library/StdDriver/src/pwm.o
LOAD ./Library/StdDriver/src/retarget.o
LOAD ./Library/StdDriver/src/sys.o
LOAD ./Library/StdDriver/src/timer.o
LOAD ./Library/StdDriver/src/uart.o
LOAD ./CMSIS/GCC/_syscalls.o
LOAD ./CMSIS/GCC/startup_M0A21.o
LOAD ./CMSIS/system_M0A21.o
START GROUP
LOAD c:/program files (x86)/gnu tools arm embedded/6 2017-q1-update/bin/../lib/gcc/arm-none-eabi/6.3.1/thumb/v6-m\libgcc.a
LOAD c:/program files (x86)/gnu tools arm embedded/6 2017-q1-update/bin/../lib/gcc/arm-none-eabi/6.3.1/../../../../arm-none-eabi/lib/thumb/v6-m\libg_nano.a
LOAD c:/program files (x86)/gnu tools arm embedded/6 2017-q1-update/bin/../lib/gcc/arm-none-eabi/6.3.1/../../../../arm-none-eabi/lib/thumb/v6-m\libc_nano.a
END GROUP
START GROUP
LOAD c:/program files (x86)/gnu tools arm embedded/6 2017-q1-update/bin/../lib/gcc/arm-none-eabi/6.3.1/thumb/v6-m\libgcc.a
LOAD c:/program files (x86)/gnu tools arm embedded/6 2017-q1-update/bin/../lib/gcc/arm-none-eabi/6.3.1/../../../../arm-none-eabi/lib/thumb/v6-m\libc_nano.a
END GROUP
LOAD c:/program files (x86)/gnu tools arm embedded/6 2017-q1-update/bin/../lib/gcc/arm-none-eabi/6.3.1/thumb/v6-m/crtend.o
LOAD c:/program files (x86)/gnu tools arm embedded/6 2017-q1-update/bin/../lib/gcc/arm-none-eabi/6.3.1/thumb/v6-m/crtn.o
START GROUP
LOAD c:/program files (x86)/gnu tools arm embedded/6 2017-q1-update/bin/../lib/gcc/arm-none-eabi/6.3.1/thumb/v6-m\libgcc.a
LOAD c:/program files (x86)/gnu tools arm embedded/6 2017-q1-update/bin/../lib/gcc/arm-none-eabi/6.3.1/../../../../arm-none-eabi/lib/thumb/v6-m\libc.a
LOAD c:/program files (x86)/gnu tools arm embedded/6 2017-q1-update/bin/../lib/gcc/arm-none-eabi/6.3.1/../../../../arm-none-eabi/lib/thumb/v6-m\libm.a
LOAD c:/program files (x86)/gnu tools arm embedded/6 2017-q1-update/bin/../lib/gcc/arm-none-eabi/6.3.1/../../../../arm-none-eabi/lib/thumb/v6-m\libnosys.a
END GROUP

.text           0x00000000     0x2b64
 *(.vectors)
 .vectors       0x00000000       0xc0 ./CMSIS/GCC/startup_M0A21.o
                0x00000000                __Vectors
                0x000000c0                __Vectors_End = .
                0x000000c0                __Vectors_Size = (__Vectors_End - __Vectors)
                0x000000c0                __end__ = .
 *(.text*)
 .text          0x000000c0       0x60 c:/program files (x86)/gnu tools arm embedded/6 2017-q1-update/bin/../lib/gcc/arm-none-eabi/6.3.1/thumb/v6-m/crtbegin.o
 .text          0x00000120       0x78 c:/program files (x86)/gnu tools arm embedded/6 2017-q1-update/bin/../lib/gcc/arm-none-eabi/6.3.1/../../../../arm-none-eabi/lib/thumb/v6-m/crt0.o
                0x00000120                _start
                0x00000120                _mainCRTStartup
 .text.ARGB_init
                0x00000198       0x1c ./User/ARGB.o
                0x00000198                ARGB_init
 .text.ARGB_sendBIT0
                0x000001b4       0x64 ./User/ARGB.o
                0x000001b4                ARGB_sendBIT0
 .text.ARGB_sendBIT1
                0x00000218       0x60 ./User/ARGB.o
                0x00000218                ARGB_sendBIT1
 .text.ARGB_sendOne
                0x00000278       0x28 ./User/ARGB.o
                0x00000278                ARGB_sendOne
 .text.getData_tmpArray
                0x000002a0       0x98 ./User/ARGB.o
                0x000002a0                getData_tmpArray
 .text.outputData_LED
                0x00000338       0xac ./User/ARGB.o
                0x00000338                outputData_LED
 .text.ARGB_showString
                0x000003e4       0x44 ./User/ARGB.o
                0x000003e4                ARGB_showString
 .text.select_word
                0x00000428      0x274 ./User/Word_Table.o
                0x00000428                select_word
 .text.put_char
                0x0000069c       0xa0 ./User/Word_Table.o
                0x0000069c                put_char
 .text.put_string
                0x0000073c       0x84 ./User/Word_Table.o
                0x0000073c                put_string
 .text.set_data_flash_base
                0x000007c0       0x70 ./User/main.o
 .text.flash_read
                0x00000830       0x34 ./User/main.o
                0x00000830                flash_read
 .text.flash_write
                0x00000864       0x22 ./User/main.o
                0x00000864                flash_write
 *fill*         0x00000886        0x2 
 .text.SYS_Init
                0x00000888       0x80 ./User/main.o
                0x00000888                SYS_Init
 .text.UART0_Init
                0x00000908       0x44 ./User/main.o
                0x00000908                UART0_Init
 .text.UART0_IRQHandler
                0x0000094c       0x68 ./User/main.o
                0x0000094c                UART0_IRQHandler
 .text.Read_DataFlash
                0x000009b4       0x50 ./User/main.o
                0x000009b4                Read_DataFlash
 .text.Convert_FlashData
                0x00000a04       0x54 ./User/main.o
                0x00000a04                Convert_FlashData
 .text.Write_DataFlash
                0x00000a58      0x10c ./User/main.o
                0x00000a58                Write_DataFlash
 .text.main     0x00000b64       0x70 ./User/main.o
                0x00000b64                main
 .text.CLK_GetPCLK0Freq
                0x00000bd4       0x20 ./Library/StdDriver/src/clk.o
                0x00000bd4                CLK_GetPCLK0Freq
 .text.CLK_GetPCLK1Freq
                0x00000bf4       0x20 ./Library/StdDriver/src/clk.o
                0x00000bf4                CLK_GetPCLK1Freq
 .text.CLK_SetModuleClock
                0x00000c14       0x84 ./Library/StdDriver/src/clk.o
                0x00000c14                CLK_SetModuleClock
 .text.CLK_EnableXtalRC
                0x00000c98       0x10 ./Library/StdDriver/src/clk.o
                0x00000c98                CLK_EnableXtalRC
 .text.CLK_EnableModuleClock
                0x00000ca8       0x38 ./Library/StdDriver/src/clk.o
                0x00000ca8                CLK_EnableModuleClock
 .text.CLK_WaitClockReady
                0x00000ce0       0x38 ./Library/StdDriver/src/clk.o
                0x00000ce0                CLK_WaitClockReady
 .text.CLK_SetHCLK
                0x00000d18       0x4c ./Library/StdDriver/src/clk.o
                0x00000d18                CLK_SetHCLK
 .text.FMC_Close
                0x00000d64       0x10 ./Library/StdDriver/src/fmc.o
                0x00000d64                FMC_Close
 .text.FMC_Erase
                0x00000d74       0x64 ./Library/StdDriver/src/fmc.o
                0x00000d74                FMC_Erase
 .text.FMC_Open
                0x00000dd8       0x10 ./Library/StdDriver/src/fmc.o
                0x00000dd8                FMC_Open
 .text.FMC_Read
                0x00000de8       0x48 ./Library/StdDriver/src/fmc.o
                0x00000de8                FMC_Read
 .text.FMC_Write
                0x00000e30       0x90 ./Library/StdDriver/src/fmc.o
                0x00000e30                FMC_Write
 .text.FMC_ReadConfig
                0x00000ec0       0x5c ./Library/StdDriver/src/fmc.o
                0x00000ec0                FMC_ReadConfig
 .text.FMC_WriteConfig
                0x00000f1c      0x124 ./Library/StdDriver/src/fmc.o
                0x00000f1c                FMC_WriteConfig
 .text.GPIO_SetMode
                0x00001040       0x2a ./Library/StdDriver/src/gpio.o
                0x00001040                GPIO_SetMode
 *fill*         0x0000106a        0x2 
 .text.stackDump
                0x0000106c       0x68 ./Library/StdDriver/src/retarget.o
 .text.Hard_Fault_Handler
                0x000010d4       0x18 ./Library/StdDriver/src/retarget.o
                0x000010d4                Hard_Fault_Handler
 .text.HardFault_Handler
                0x000010ec       0x20 ./Library/StdDriver/src/retarget.o
                0x000010ec                HardFault_Handler
 .text.IsDebugFifoEmpty
                0x0000110c       0x14 ./Library/StdDriver/src/retarget.o
                0x0000110c                IsDebugFifoEmpty
 .text._write   0x00001120       0x40 ./Library/StdDriver/src/retarget.o
                0x00001120                _write
 .text._read    0x00001160       0x18 ./Library/StdDriver/src/retarget.o
                0x00001160                _read
 .text.SYS_ResetModule
                0x00001178       0x24 ./Library/StdDriver/src/sys.o
                0x00001178                SYS_ResetModule
 .text.TIMER_GetModuleClock
                0x0000119c       0x90 ./Library/StdDriver/src/timer.o
                0x0000119c                TIMER_GetModuleClock
 .text.TIMER_Delay
                0x0000122c       0xdc ./Library/StdDriver/src/timer.o
                0x0000122c                TIMER_Delay
 .text.UART_EnableInt
                0x00001308        0x8 ./Library/StdDriver/src/uart.o
                0x00001308                UART_EnableInt
 .text.UART_Open
                0x00001310       0xdc ./Library/StdDriver/src/uart.o
                0x00001310                UART_Open
 .text.UART_SetTimeoutCnt
                0x000013ec       0x16 ./Library/StdDriver/src/uart.o
                0x000013ec                UART_SetTimeoutCnt
 .text._close   0x00001402       0x10 ./CMSIS/GCC/_syscalls.o
                0x00001402                _close
 .text._fstat   0x00001412       0x10 ./CMSIS/GCC/_syscalls.o
                0x00001412                _fstat
 .text._isatty  0x00001422        0xe ./CMSIS/GCC/_syscalls.o
                0x00001422                _isatty
 .text._lseek   0x00001430       0x10 ./CMSIS/GCC/_syscalls.o
                0x00001430                _lseek
 .text          0x00001440       0x2c ./CMSIS/GCC/startup_M0A21.o
                0x00001440                Reset_Handler
                0x00001468                ACMP01_IRQHandler
                0x00001468                USCI0_IRQHandler
                0x00001468                SysTick_Handler
                0x00001468                PendSV_Handler
                0x00001468                NMI_Handler
                0x00001468                UART1_IRQHandler
                0x00001468                EINT135_IRQHandler
                0x00001468                TMR0_IRQHandler
                0x00001468                USCI1_IRQHandler
                0x00001468                EINT024_IRQHandler
                0x00001468                PWRWU_IRQHandler
                0x00001468                GPCD_IRQHandler
                0x00001468                Default_Handler
                0x00001468                CKFAIL_IRQHandler
                0x00001468                ADC_IRQHandler
                0x00001468                TMR2_IRQHandler
                0x00001468                BOD_IRQHandler
                0x00001468                WDT_IRQHandler
                0x00001468                SVC_Handler
                0x00001468                PDMA_IRQHandler
                0x00001468                DAC0_IRQHandler
                0x00001468                GPAB_IRQHandler
                0x00001468                PWM0_IRQHandler
                0x00001468                CAN0_IRQHandler
                0x00001468                TMR3_IRQHandler
                0x00001468                TMR1_IRQHandler
 .text.SystemCoreClockUpdate
                0x0000146c       0x4c ./CMSIS/system_M0A21.o
                0x0000146c                SystemCoreClockUpdate
 .text.SystemInit
                0x000014b8        0x2 ./CMSIS/system_M0A21.o
                0x000014b8                SystemInit
 *fill*         0x000014ba        0x2 
 .text          0x000014bc      0x114 c:/program files (x86)/gnu tools arm embedded/6 2017-q1-update/bin/../lib/gcc/arm-none-eabi/6.3.1/thumb/v6-m\libgcc.a(_udivsi3.o)
                0x000014bc                __aeabi_uidiv
                0x000014bc                __udivsi3
                0x000015c8                __aeabi_uidivmod
 .text          0x000015d0        0x4 c:/program files (x86)/gnu tools arm embedded/6 2017-q1-update/bin/../lib/gcc/arm-none-eabi/6.3.1/thumb/v6-m\libgcc.a(_dvmd_tls.o)
                0x000015d0                __aeabi_idiv0
                0x000015d0                __aeabi_ldiv0
 .text.__errno  0x000015d4        0xc c:/program files (x86)/gnu tools arm embedded/6 2017-q1-update/bin/../lib/gcc/arm-none-eabi/6.3.1/../../../../arm-none-eabi/lib/thumb/v6-m\libg_nano.a(lib_a-errno.o)
                0x000015d4                __errno
 .text.exit     0x000015e0       0x2c c:/program files (x86)/gnu tools arm embedded/6 2017-q1-update/bin/../lib/gcc/arm-none-eabi/6.3.1/../../../../arm-none-eabi/lib/thumb/v6-m\libg_nano.a(lib_a-exit.o)
                0x000015e0                exit
 .text.__libc_init_array
                0x0000160c       0x48 c:/program files (x86)/gnu tools arm embedded/6 2017-q1-update/bin/../lib/gcc/arm-none-eabi/6.3.1/../../../../arm-none-eabi/lib/thumb/v6-m\libg_nano.a(lib_a-init.o)
                0x0000160c                __libc_init_array
 .text.memset   0x00001654       0x10 c:/program files (x86)/gnu tools arm embedded/6 2017-q1-update/bin/../lib/gcc/arm-none-eabi/6.3.1/../../../../arm-none-eabi/lib/thumb/v6-m\libg_nano.a(lib_a-memset.o)
                0x00001654                memset
 .text.printf   0x00001664       0x34 c:/program files (x86)/gnu tools arm embedded/6 2017-q1-update/bin/../lib/gcc/arm-none-eabi/6.3.1/../../../../arm-none-eabi/lib/thumb/v6-m\libg_nano.a(lib_a-printf.o)
                0x00001664                iprintf
                0x00001664                printf
 .text._puts_r  0x00001698       0xc0 c:/program files (x86)/gnu tools arm embedded/6 2017-q1-update/bin/../lib/gcc/arm-none-eabi/6.3.1/../../../../arm-none-eabi/lib/thumb/v6-m\libg_nano.a(lib_a-puts.o)
                0x00001698                _puts_r
 .text.puts     0x00001758       0x14 c:/program files (x86)/gnu tools arm embedded/6 2017-q1-update/bin/../lib/gcc/arm-none-eabi/6.3.1/../../../../arm-none-eabi/lib/thumb/v6-m\libg_nano.a(lib_a-puts.o)
                0x00001758                puts
 .text          0x0000176c        0xe c:/program files (x86)/gnu tools arm embedded/6 2017-q1-update/bin/../lib/gcc/arm-none-eabi/6.3.1/../../../../arm-none-eabi/lib/thumb/v6-m\libg_nano.a(lib_a-strlen.o)
                0x0000176c                strlen
 *fill*         0x0000177a        0x2 
 .text.__swbuf_r
                0x0000177c       0xac c:/program files (x86)/gnu tools arm embedded/6 2017-q1-update/bin/../lib/gcc/arm-none-eabi/6.3.1/../../../../arm-none-eabi/lib/thumb/v6-m\libg_nano.a(lib_a-wbuf.o)
                0x0000177c                __swbuf_r
 .text.__swsetup_r
                0x00001828       0xec c:/program files (x86)/gnu tools arm embedded/6 2017-q1-update/bin/../lib/gcc/arm-none-eabi/6.3.1/../../../../arm-none-eabi/lib/thumb/v6-m\libg_nano.a(lib_a-wsetup.o)
                0x00001828                __swsetup_r
 .text.__sflush_r
                0x00001914      0x114 c:/program files (x86)/gnu tools arm embedded/6 2017-q1-update/bin/../lib/gcc/arm-none-eabi/6.3.1/../../../../arm-none-eabi/lib/thumb/v6-m\libg_nano.a(lib_a-fflush.o)
                0x00001914                __sflush_r
 .text._fflush_r
                0x00001a28       0x58 c:/program files (x86)/gnu tools arm embedded/6 2017-q1-update/bin/../lib/gcc/arm-none-eabi/6.3.1/../../../../arm-none-eabi/lib/thumb/v6-m\libg_nano.a(lib_a-fflush.o)
                0x00001a28                _fflush_r
 .text._cleanup_r
                0x00001a80       0x10 c:/program files (x86)/gnu tools arm embedded/6 2017-q1-update/bin/../lib/gcc/arm-none-eabi/6.3.1/../../../../arm-none-eabi/lib/thumb/v6-m\libg_nano.a(lib_a-findfp.o)
                0x00001a80                _cleanup_r
 .text.std.isra.0
                0x00001a90       0x48 c:/program files (x86)/gnu tools arm embedded/6 2017-q1-update/bin/../lib/gcc/arm-none-eabi/6.3.1/../../../../arm-none-eabi/lib/thumb/v6-m\libg_nano.a(lib_a-findfp.o)
 .text.__sfmoreglue
                0x00001ad8       0x2c c:/program files (x86)/gnu tools arm embedded/6 2017-q1-update/bin/../lib/gcc/arm-none-eabi/6.3.1/../../../../arm-none-eabi/lib/thumb/v6-m\libg_nano.a(lib_a-findfp.o)
                0x00001ad8                __sfmoreglue
 .text.__sinit  0x00001b04       0x68 c:/program files (x86)/gnu tools arm embedded/6 2017-q1-update/bin/../lib/gcc/arm-none-eabi/6.3.1/../../../../arm-none-eabi/lib/thumb/v6-m\libg_nano.a(lib_a-findfp.o)
                0x00001b04                __sinit
 .text.__sfp    0x00001b6c       0x80 c:/program files (x86)/gnu tools arm embedded/6 2017-q1-update/bin/../lib/gcc/arm-none-eabi/6.3.1/../../../../arm-none-eabi/lib/thumb/v6-m\libg_nano.a(lib_a-findfp.o)
                0x00001b6c                __sfp
 .text._fwalk_reent
                0x00001bec       0x42 c:/program files (x86)/gnu tools arm embedded/6 2017-q1-update/bin/../lib/gcc/arm-none-eabi/6.3.1/../../../../arm-none-eabi/lib/thumb/v6-m\libg_nano.a(lib_a-fwalk.o)
                0x00001bec                _fwalk_reent
 *fill*         0x00001c2e        0x2 
 .text.__swhatbuf_r
                0x00001c30       0x50 c:/program files (x86)/gnu tools arm embedded/6 2017-q1-update/bin/../lib/gcc/arm-none-eabi/6.3.1/../../../../arm-none-eabi/lib/thumb/v6-m\libg_nano.a(lib_a-makebuf.o)
                0x00001c30                __swhatbuf_r
 .text.__smakebuf_r
                0x00001c80       0x88 c:/program files (x86)/gnu tools arm embedded/6 2017-q1-update/bin/../lib/gcc/arm-none-eabi/6.3.1/../../../../arm-none-eabi/lib/thumb/v6-m\libg_nano.a(lib_a-makebuf.o)
                0x00001c80                __smakebuf_r
 .text._free_r  0x00001d08       0x94 c:/program files (x86)/gnu tools arm embedded/6 2017-q1-update/bin/../lib/gcc/arm-none-eabi/6.3.1/../../../../arm-none-eabi/lib/thumb/v6-m\libg_nano.a(lib_a-nano-freer.o)
                0x00001d08                _free_r
 .text._malloc_r
                0x00001d9c       0xbc c:/program files (x86)/gnu tools arm embedded/6 2017-q1-update/bin/../lib/gcc/arm-none-eabi/6.3.1/../../../../arm-none-eabi/lib/thumb/v6-m\libg_nano.a(lib_a-nano-mallocr.o)
                0x00001d9c                _malloc_r
 .text.__sfputc_r
                0x00001e58       0x2a c:/program files (x86)/gnu tools arm embedded/6 2017-q1-update/bin/../lib/gcc/arm-none-eabi/6.3.1/../../../../arm-none-eabi/lib/thumb/v6-m\libg_nano.a(lib_a-nano-vfprintf.o)
 .text.__sfputs_r
                0x00001e82       0x24 c:/program files (x86)/gnu tools arm embedded/6 2017-q1-update/bin/../lib/gcc/arm-none-eabi/6.3.1/../../../../arm-none-eabi/lib/thumb/v6-m\libg_nano.a(lib_a-nano-vfprintf.o)
                0x00001e82                __sfputs_r
 *fill*         0x00001ea6        0x2 
 .text._vfprintf_r
                0x00001ea8      0x238 c:/program files (x86)/gnu tools arm embedded/6 2017-q1-update/bin/../lib/gcc/arm-none-eabi/6.3.1/../../../../arm-none-eabi/lib/thumb/v6-m\libg_nano.a(lib_a-nano-vfprintf.o)
                0x00001ea8                _vfprintf_r
                0x00001ea8                _vfiprintf_r
 .text._printf_common
                0x000020e0       0xda c:/program files (x86)/gnu tools arm embedded/6 2017-q1-update/bin/../lib/gcc/arm-none-eabi/6.3.1/../../../../arm-none-eabi/lib/thumb/v6-m\libg_nano.a(lib_a-nano-vfprintf_i.o)
                0x000020e0                _printf_common
 *fill*         0x000021ba        0x2 
 .text._printf_i
                0x000021bc      0x234 c:/program files (x86)/gnu tools arm embedded/6 2017-q1-update/bin/../lib/gcc/arm-none-eabi/6.3.1/../../../../arm-none-eabi/lib/thumb/v6-m\libg_nano.a(lib_a-nano-vfprintf_i.o)
                0x000021bc                _printf_i
 .text._sbrk_r  0x000023f0       0x24 c:/program files (x86)/gnu tools arm embedded/6 2017-q1-update/bin/../lib/gcc/arm-none-eabi/6.3.1/../../../../arm-none-eabi/lib/thumb/v6-m\libg_nano.a(lib_a-sbrkr.o)
                0x000023f0                _sbrk_r
 .text.__sread  0x00002414       0x28 c:/program files (x86)/gnu tools arm embedded/6 2017-q1-update/bin/../lib/gcc/arm-none-eabi/6.3.1/../../../../arm-none-eabi/lib/thumb/v6-m\libg_nano.a(lib_a-stdio.o)
                0x00002414                __sread
 .text.__swrite
                0x0000243c       0x38 c:/program files (x86)/gnu tools arm embedded/6 2017-q1-update/bin/../lib/gcc/arm-none-eabi/6.3.1/../../../../arm-none-eabi/lib/thumb/v6-m\libg_nano.a(lib_a-stdio.o)
                0x0000243c                __swrite
 .text.__sseek  0x00002474       0x2c c:/program files (x86)/gnu tools arm embedded/6 2017-q1-update/bin/../lib/gcc/arm-none-eabi/6.3.1/../../../../arm-none-eabi/lib/thumb/v6-m\libg_nano.a(lib_a-stdio.o)
                0x00002474                __sseek
 .text.__sclose
                0x000024a0        0xc c:/program files (x86)/gnu tools arm embedded/6 2017-q1-update/bin/../lib/gcc/arm-none-eabi/6.3.1/../../../../arm-none-eabi/lib/thumb/v6-m\libg_nano.a(lib_a-stdio.o)
                0x000024a0                __sclose
 .text._write_r
                0x000024ac       0x28 c:/program files (x86)/gnu tools arm embedded/6 2017-q1-update/bin/../lib/gcc/arm-none-eabi/6.3.1/../../../../arm-none-eabi/lib/thumb/v6-m\libg_nano.a(lib_a-writer.o)
                0x000024ac                _write_r
 .text._close_r
                0x000024d4       0x24 c:/program files (x86)/gnu tools arm embedded/6 2017-q1-update/bin/../lib/gcc/arm-none-eabi/6.3.1/../../../../arm-none-eabi/lib/thumb/v6-m\libg_nano.a(lib_a-closer.o)
                0x000024d4                _close_r
 .text._fstat_r
                0x000024f8       0x24 c:/program files (x86)/gnu tools arm embedded/6 2017-q1-update/bin/../lib/gcc/arm-none-eabi/6.3.1/../../../../arm-none-eabi/lib/thumb/v6-m\libg_nano.a(lib_a-fstatr.o)
                0x000024f8                _fstat_r
 .text._isatty_r
                0x0000251c       0x24 c:/program files (x86)/gnu tools arm embedded/6 2017-q1-update/bin/../lib/gcc/arm-none-eabi/6.3.1/../../../../arm-none-eabi/lib/thumb/v6-m\libg_nano.a(lib_a-isattyr.o)
                0x0000251c                _isatty_r
 .text._lseek_r
                0x00002540       0x28 c:/program files (x86)/gnu tools arm embedded/6 2017-q1-update/bin/../lib/gcc/arm-none-eabi/6.3.1/../../../../arm-none-eabi/lib/thumb/v6-m\libg_nano.a(lib_a-lseekr.o)
                0x00002540                _lseek_r
 .text.memchr   0x00002568       0x16 c:/program files (x86)/gnu tools arm embedded/6 2017-q1-update/bin/../lib/gcc/arm-none-eabi/6.3.1/../../../../arm-none-eabi/lib/thumb/v6-m\libg_nano.a(lib_a-memchr-stub.o)
                0x00002568                memchr
 .text.__malloc_lock
                0x0000257e        0x2 c:/program files (x86)/gnu tools arm embedded/6 2017-q1-update/bin/../lib/gcc/arm-none-eabi/6.3.1/../../../../arm-none-eabi/lib/thumb/v6-m\libg_nano.a(lib_a-mlock.o)
                0x0000257e                __malloc_lock
 .text.__malloc_unlock
                0x00002580        0x2 c:/program files (x86)/gnu tools arm embedded/6 2017-q1-update/bin/../lib/gcc/arm-none-eabi/6.3.1/../../../../arm-none-eabi/lib/thumb/v6-m\libg_nano.a(lib_a-mlock.o)
                0x00002580                __malloc_unlock
 *fill*         0x00002582        0x2 
 .text._read_r  0x00002584       0x28 c:/program files (x86)/gnu tools arm embedded/6 2017-q1-update/bin/../lib/gcc/arm-none-eabi/6.3.1/../../../../arm-none-eabi/lib/thumb/v6-m\libg_nano.a(lib_a-readr.o)
                0x00002584                _read_r
 .text._sbrk    0x000025ac       0x1c c:/program files (x86)/gnu tools arm embedded/6 2017-q1-update/bin/../lib/gcc/arm-none-eabi/6.3.1/../../../../arm-none-eabi/lib/thumb/v6-m\libnosys.a(sbrk.o)
                0x000025ac                _sbrk
 .text._exit    0x000025c8        0x4 c:/program files (x86)/gnu tools arm embedded/6 2017-q1-update/bin/../lib/gcc/arm-none-eabi/6.3.1/../../../../arm-none-eabi/lib/thumb/v6-m\libnosys.a(_exit.o)
                0x000025c8                _exit
 *(.init)
 .init          0x000025cc        0x4 c:/program files (x86)/gnu tools arm embedded/6 2017-q1-update/bin/../lib/gcc/arm-none-eabi/6.3.1/thumb/v6-m/crti.o
                0x000025cc                _init
 .init          0x000025d0        0x8 c:/program files (x86)/gnu tools arm embedded/6 2017-q1-update/bin/../lib/gcc/arm-none-eabi/6.3.1/thumb/v6-m/crtn.o
 *(.fini)
 .fini          0x000025d8        0x4 c:/program files (x86)/gnu tools arm embedded/6 2017-q1-update/bin/../lib/gcc/arm-none-eabi/6.3.1/thumb/v6-m/crti.o
                0x000025d8                _fini
 .fini          0x000025dc        0x8 c:/program files (x86)/gnu tools arm embedded/6 2017-q1-update/bin/../lib/gcc/arm-none-eabi/6.3.1/thumb/v6-m/crtn.o
 *crtbegin.o(.ctors)
 *crtbegin?.o(.ctors)
 *(EXCLUDE_FILE(*crtend.o *crtend?.o) .ctors)
 *(SORT(.ctors.*))
 *(.ctors)
 *crtbegin.o(.dtors)
 *crtbegin?.o(.dtors)
 *(EXCLUDE_FILE(*crtend.o *crtend?.o) .dtors)
 *(SORT(.dtors.*))
 *(.dtors)
 *(.rodata*)
 .rodata.select_word
                0x000025e4      0x16c ./User/Word_Table.o
 .rodata.WordTable
                0x00002750      0x181 ./User/Word_Table.o
                0x00002750                WordTable
 *fill*         0x000028d1        0x3 
 .rodata.Write_DataFlash.str1.4
                0x000028d4       0x4b ./User/main.o
 *fill*         0x0000291f        0x1 
 .rodata.main.str1.4
                0x00002920       0xb9 ./User/main.o
 *fill*         0x000029d9        0x3 
 .rodata        0x000029dc       0x1c ./Library/StdDriver/src/clk.o
 .rodata.Hard_Fault_Handler.str1.4
                0x000029f8       0x16 ./Library/StdDriver/src/retarget.o
 *fill*         0x00002a0e        0x2 
 .rodata.stackDump.str1.4
                0x00002a10       0x60 ./Library/StdDriver/src/retarget.o
 .rodata        0x00002a70       0x20 ./Library/StdDriver/src/timer.o
 .rodata        0x00002a90       0x18 ./Library/StdDriver/src/uart.o
 .rodata.gau32ClkSrcTbl
                0x00002aa8       0x20 ./CMSIS/system_M0A21.o
                0x00002aa8                gau32ClkSrcTbl
 .rodata._global_impure_ptr
                0x00002ac8        0x4 c:/program files (x86)/gnu tools arm embedded/6 2017-q1-update/bin/../lib/gcc/arm-none-eabi/6.3.1/../../../../arm-none-eabi/lib/thumb/v6-m\libg_nano.a(lib_a-impure.o)
                0x00002ac8                _global_impure_ptr
 .rodata.__sf_fake_stderr
                0x00002acc       0x20 c:/program files (x86)/gnu tools arm embedded/6 2017-q1-update/bin/../lib/gcc/arm-none-eabi/6.3.1/../../../../arm-none-eabi/lib/thumb/v6-m\libg_nano.a(lib_a-findfp.o)
                0x00002acc                __sf_fake_stderr
 .rodata.__sf_fake_stdin
                0x00002aec       0x20 c:/program files (x86)/gnu tools arm embedded/6 2017-q1-update/bin/../lib/gcc/arm-none-eabi/6.3.1/../../../../arm-none-eabi/lib/thumb/v6-m\libg_nano.a(lib_a-findfp.o)
                0x00002aec                __sf_fake_stdin
 .rodata.__sf_fake_stdout
                0x00002b0c       0x20 c:/program files (x86)/gnu tools arm embedded/6 2017-q1-update/bin/../lib/gcc/arm-none-eabi/6.3.1/../../../../arm-none-eabi/lib/thumb/v6-m\libg_nano.a(lib_a-findfp.o)
                0x00002b0c                __sf_fake_stdout
 .rodata._vfprintf_r.str1.1
                0x00002b2c       0x11 c:/program files (x86)/gnu tools arm embedded/6 2017-q1-update/bin/../lib/gcc/arm-none-eabi/6.3.1/../../../../arm-none-eabi/lib/thumb/v6-m\libg_nano.a(lib_a-nano-vfprintf.o)
 .rodata._printf_i.str1.1
                0x00002b3d       0x22 c:/program files (x86)/gnu tools arm embedded/6 2017-q1-update/bin/../lib/gcc/arm-none-eabi/6.3.1/../../../../arm-none-eabi/lib/thumb/v6-m\libg_nano.a(lib_a-nano-vfprintf_i.o)
 *(.eh_frame*)
 *fill*         0x00002b5f        0x1 
 .eh_frame      0x00002b60        0x0 c:/program files (x86)/gnu tools arm embedded/6 2017-q1-update/bin/../lib/gcc/arm-none-eabi/6.3.1/thumb/v6-m/crtbegin.o
 .eh_frame      0x00002b60        0x4 c:/program files (x86)/gnu tools arm embedded/6 2017-q1-update/bin/../lib/gcc/arm-none-eabi/6.3.1/thumb/v6-m/crtend.o

.glue_7         0x00002b64        0x0
 .glue_7        0x00002b64        0x0 linker stubs

.glue_7t        0x00002b64        0x0
 .glue_7t       0x00002b64        0x0 linker stubs

.vfp11_veneer   0x00002b64        0x0
 .vfp11_veneer  0x00002b64        0x0 linker stubs

.v4_bx          0x00002b64        0x0
 .v4_bx         0x00002b64        0x0 linker stubs

.iplt           0x00002b64        0x0
 .iplt          0x00002b64        0x0 c:/program files (x86)/gnu tools arm embedded/6 2017-q1-update/bin/../lib/gcc/arm-none-eabi/6.3.1/thumb/v6-m/crtbegin.o

.ARM.extab
 *(.ARM.extab* .gnu.linkonce.armextab.*)
                0x00002b64                __exidx_start = .

.ARM.exidx      0x00002b64        0x8
 *(.ARM.exidx* .gnu.linkonce.armexidx.*)
 .ARM.exidx     0x00002b64        0x8 c:/program files (x86)/gnu tools arm embedded/6 2017-q1-update/bin/../lib/gcc/arm-none-eabi/6.3.1/../../../../arm-none-eabi/lib/thumb/v6-m/crt0.o
                0x00002b6c                __exidx_end = .
                0x00002b6c                __etext = .

.rel.dyn        0x00002b6c        0x0
 .rel.iplt      0x00002b6c        0x0 c:/program files (x86)/gnu tools arm embedded/6 2017-q1-update/bin/../lib/gcc/arm-none-eabi/6.3.1/thumb/v6-m/crtbegin.o

.data           0x20000000       0xac load address 0x00002b6c
                0x20000000                __data_start__ = .
 *(vtable)
 *(.data*)
 .data.String   0x20000000       0x32 ./User/main.o
                0x20000000                String
 .data.g_bUART_RX_Received_Data_State
                0x20000032        0x1 ./User/main.o
                0x20000032                g_bUART_RX_Received_Data_State
 *fill*         0x20000033        0x1 
 .data.CyclesPerUs
                0x20000034        0x4 ./CMSIS/system_M0A21.o
                0x20000034                CyclesPerUs
 .data.SystemCoreClock
                0x20000038        0x4 ./CMSIS/system_M0A21.o
                0x20000038                SystemCoreClock
 .data._impure_ptr
                0x2000003c        0x4 c:/program files (x86)/gnu tools arm embedded/6 2017-q1-update/bin/../lib/gcc/arm-none-eabi/6.3.1/../../../../arm-none-eabi/lib/thumb/v6-m\libg_nano.a(lib_a-impure.o)
                0x2000003c                _impure_ptr
 .data.impure_data
                0x20000040       0x60 c:/program files (x86)/gnu tools arm embedded/6 2017-q1-update/bin/../lib/gcc/arm-none-eabi/6.3.1/../../../../arm-none-eabi/lib/thumb/v6-m\libg_nano.a(lib_a-impure.o)
                0x200000a0                . = ALIGN (0x4)
                0x200000a0                PROVIDE (__preinit_array_start, .)
 *(.preinit_array)
                0x200000a0                PROVIDE (__preinit_array_end, .)
                0x200000a0                . = ALIGN (0x4)
                0x200000a0                PROVIDE (__init_array_start, .)
 *(SORT(.init_array.*))
 *(.init_array)
 .init_array    0x200000a0        0x4 c:/program files (x86)/gnu tools arm embedded/6 2017-q1-update/bin/../lib/gcc/arm-none-eabi/6.3.1/thumb/v6-m/crtbegin.o
                0x200000a4                PROVIDE (__init_array_end, .)
                0x200000a4                . = ALIGN (0x4)
                [!provide]                PROVIDE (__fini_array_start, .)
 *(SORT(.fini_array.*))
 *(.fini_array)
 .fini_array    0x200000a4        0x4 c:/program files (x86)/gnu tools arm embedded/6 2017-q1-update/bin/../lib/gcc/arm-none-eabi/6.3.1/thumb/v6-m/crtbegin.o
                [!provide]                PROVIDE (__fini_array_end, .)
 *(.jcr*)
 .jcr           0x200000a8        0x0 c:/program files (x86)/gnu tools arm embedded/6 2017-q1-update/bin/../lib/gcc/arm-none-eabi/6.3.1/thumb/v6-m/crtbegin.o
 .jcr           0x200000a8        0x4 c:/program files (x86)/gnu tools arm embedded/6 2017-q1-update/bin/../lib/gcc/arm-none-eabi/6.3.1/thumb/v6-m/crtend.o
                0x200000ac                . = ALIGN (0x4)
                0x200000ac                __data_end__ = .

.igot.plt       0x200000ac        0x0 load address 0x00002c18
 .igot.plt      0x200000ac        0x0 c:/program files (x86)/gnu tools arm embedded/6 2017-q1-update/bin/../lib/gcc/arm-none-eabi/6.3.1/thumb/v6-m/crtbegin.o

.bss            0x200000ac      0xc4c load address 0x00002c18
                0x200000ac                . = ALIGN (0x4)
                0x200000ac                __bss_start__ = .
 *(.bss*)
 .bss           0x200000ac       0x1c c:/program files (x86)/gnu tools arm embedded/6 2017-q1-update/bin/../lib/gcc/arm-none-eabi/6.3.1/thumb/v6-m/crtbegin.o
 .bss.color     0x200000c8        0x1 ./User/Word_Table.o
                0x200000c8                color
 *fill*         0x200000c9        0x3 
 .bss.showArray
                0x200000cc      0x960 ./User/Word_Table.o
                0x200000cc                showArray
 .bss.showArray_column
                0x20000a2c        0x2 ./User/Word_Table.o
                0x20000a2c                showArray_column
 .bss.showArray_row
                0x20000a2e        0x1 ./User/Word_Table.o
                0x20000a2e                showArray_row
 *fill*         0x20000a2f        0x1 
 .bss.g_au8UART_RX_Buffer
                0x20000a30       0x32 ./User/main.o
                0x20000a30                g_au8UART_RX_Buffer
 .bss.g_u8UART_RDA_Trigger_Cnt
                0x20000a62        0x1 ./User/main.o
                0x20000a62                g_u8UART_RDA_Trigger_Cnt
 .bss.g_u8UART_RXTO_Trigger_Cnt
                0x20000a63        0x1 ./User/main.o
                0x20000a63                g_u8UART_RXTO_Trigger_Cnt
 .bss.receiveData
                0x20000a64        0x1 ./User/main.o
                0x20000a64                receiveData
 .bss.u16UART_RX_Buffer_Index
                0x20000a65        0x1 ./User/main.o
                0x20000a65                u16UART_RX_Buffer_Index
 .bss.u16UART_RX_Buffer_Index.7028
                0x20000a66        0x2 ./User/main.o
 .bss.g_CLK_i32ErrCode
                0x20000a68        0x4 ./Library/StdDriver/src/clk.o
                0x20000a68                g_CLK_i32ErrCode
 .bss.__malloc_free_list
                0x20000a6c        0x4 c:/program files (x86)/gnu tools arm embedded/6 2017-q1-update/bin/../lib/gcc/arm-none-eabi/6.3.1/../../../../arm-none-eabi/lib/thumb/v6-m\libg_nano.a(lib_a-nano-mallocr.o)
                0x20000a6c                __malloc_free_list
 .bss.__malloc_sbrk_start
                0x20000a70        0x4 c:/program files (x86)/gnu tools arm embedded/6 2017-q1-update/bin/../lib/gcc/arm-none-eabi/6.3.1/../../../../arm-none-eabi/lib/thumb/v6-m\libg_nano.a(lib_a-nano-mallocr.o)
                0x20000a70                __malloc_sbrk_start
 .bss.heap_end.4116
                0x20000a74        0x4 c:/program files (x86)/gnu tools arm embedded/6 2017-q1-update/bin/../lib/gcc/arm-none-eabi/6.3.1/../../../../arm-none-eabi/lib/thumb/v6-m\libnosys.a(sbrk.o)
 *(COMMON)
 COMMON         0x20000a78      0x240 ./User/ARGB.o
                0x20000a78                tmpArray
                0x20000ab8                pixelBuffer
 COMMON         0x20000cb8        0x3 ./User/Word_Table.o
                0x20000cb8                Run_column
                0x20000cba                WordTable_row
 *fill*         0x20000cbb        0x1 
 COMMON         0x20000cbc       0x32 ./User/main.o
                0x20000cbc                flashData
 *fill*         0x20000cee        0x2 
 COMMON         0x20000cf0        0x4 ./Library/StdDriver/src/fmc.o
                0x20000cf0                g_FMC_i32ErrCode
 COMMON         0x20000cf4        0x4 ./CMSIS/GCC/_syscalls.o
                0x20000cf4                errno
                0x20000cf8                . = ALIGN (0x4)
                0x20000cf8                __bss_end__ = .

.heap           0x20000cf8      0x100
                0x20000cf8                __HeapBase = .
                0x20000cf8                __end__ = .
                0x20000cf8                end = __end__
 *(.heap*)
 .heap          0x20000cf8      0x100 ./CMSIS/GCC/startup_M0A21.o
                0x20000df8                __HeapLimit = .

.stack_dummy    0x20000cf8      0x200
 *(.stack*)
 .stack         0x20000cf8      0x200 ./CMSIS/GCC/startup_M0A21.o
                0x20001000                __StackTop = (ORIGIN (RAM) + LENGTH (RAM))
                0x20000e00                __StackLimit = (__StackTop - SIZEOF (.stack_dummy))
                0x20001000                PROVIDE (__stack, __StackTop)
                0x00000001                ASSERT ((__StackLimit >= __HeapLimit), region RAM overflowed with stack)
OUTPUT(firstproject.elf elf32-littlearm)

.ARM.attributes
                0x00000000       0x28
 .ARM.attributes
                0x00000000       0x1e c:/program files (x86)/gnu tools arm embedded/6 2017-q1-update/bin/../lib/gcc/arm-none-eabi/6.3.1/thumb/v6-m/crti.o
 .ARM.attributes
                0x0000001e       0x2c c:/program files (x86)/gnu tools arm embedded/6 2017-q1-update/bin/../lib/gcc/arm-none-eabi/6.3.1/thumb/v6-m/crtbegin.o
 .ARM.attributes
                0x0000004a       0x1b c:/program files (x86)/gnu tools arm embedded/6 2017-q1-update/bin/../lib/gcc/arm-none-eabi/6.3.1/../../../../arm-none-eabi/lib/thumb/v6-m/crt0.o
 .ARM.attributes
                0x00000065       0x31 ./User/ARGB.o
 .ARM.attributes
                0x00000096       0x31 ./User/Word_Table.o
 .ARM.attributes
                0x000000c7       0x31 ./User/main.o
 .ARM.attributes
                0x000000f8       0x31 ./Library/StdDriver/src/clk.o
 .ARM.attributes
                0x00000129       0x31 ./Library/StdDriver/src/fmc.o
 .ARM.attributes
                0x0000015a       0x31 ./Library/StdDriver/src/gpio.o
 .ARM.attributes
                0x0000018b       0x31 ./Library/StdDriver/src/retarget.o
 .ARM.attributes
                0x000001bc       0x31 ./Library/StdDriver/src/sys.o
 .ARM.attributes
                0x000001ed       0x31 ./Library/StdDriver/src/timer.o
 .ARM.attributes
                0x0000021e       0x31 ./Library/StdDriver/src/uart.o
 .ARM.attributes
                0x0000024f       0x31 ./CMSIS/GCC/_syscalls.o
 .ARM.attributes
                0x00000280       0x1b ./CMSIS/GCC/startup_M0A21.o
 .ARM.attributes
                0x0000029b       0x31 ./CMSIS/system_M0A21.o
 .ARM.attributes
                0x000002cc       0x1e c:/program files (x86)/gnu tools arm embedded/6 2017-q1-update/bin/../lib/gcc/arm-none-eabi/6.3.1/thumb/v6-m\libgcc.a(_udivsi3.o)
 .ARM.attributes
                0x000002ea       0x1e c:/program files (x86)/gnu tools arm embedded/6 2017-q1-update/bin/../lib/gcc/arm-none-eabi/6.3.1/thumb/v6-m\libgcc.a(_dvmd_tls.o)
 .ARM.attributes
                0x00000308       0x2c c:/program files (x86)/gnu tools arm embedded/6 2017-q1-update/bin/../lib/gcc/arm-none-eabi/6.3.1/../../../../arm-none-eabi/lib/thumb/v6-m\libg_nano.a(lib_a-errno.o)
 .ARM.attributes
                0x00000334       0x2c c:/program files (x86)/gnu tools arm embedded/6 2017-q1-update/bin/../lib/gcc/arm-none-eabi/6.3.1/../../../../arm-none-eabi/lib/thumb/v6-m\libg_nano.a(lib_a-exit.o)
 .ARM.attributes
                0x00000360       0x2c c:/program files (x86)/gnu tools arm embedded/6 2017-q1-update/bin/../lib/gcc/arm-none-eabi/6.3.1/../../../../arm-none-eabi/lib/thumb/v6-m\libg_nano.a(lib_a-impure.o)
 .ARM.attributes
                0x0000038c       0x2c c:/program files (x86)/gnu tools arm embedded/6 2017-q1-update/bin/../lib/gcc/arm-none-eabi/6.3.1/../../../../arm-none-eabi/lib/thumb/v6-m\libg_nano.a(lib_a-init.o)
 .ARM.attributes
                0x000003b8       0x2c c:/program files (x86)/gnu tools arm embedded/6 2017-q1-update/bin/../lib/gcc/arm-none-eabi/6.3.1/../../../../arm-none-eabi/lib/thumb/v6-m\libg_nano.a(lib_a-memset.o)
 .ARM.attributes
                0x000003e4       0x2c c:/program files (x86)/gnu tools arm embedded/6 2017-q1-update/bin/../lib/gcc/arm-none-eabi/6.3.1/../../../../arm-none-eabi/lib/thumb/v6-m\libg_nano.a(lib_a-printf.o)
 .ARM.attributes
                0x00000410       0x2c c:/program files (x86)/gnu tools arm embedded/6 2017-q1-update/bin/../lib/gcc/arm-none-eabi/6.3.1/../../../../arm-none-eabi/lib/thumb/v6-m\libg_nano.a(lib_a-puts.o)
 .ARM.attributes
                0x0000043c       0x1c c:/program files (x86)/gnu tools arm embedded/6 2017-q1-update/bin/../lib/gcc/arm-none-eabi/6.3.1/../../../../arm-none-eabi/lib/thumb/v6-m\libg_nano.a(lib_a-strlen.o)
 .ARM.attributes
                0x00000458       0x2c c:/program files (x86)/gnu tools arm embedded/6 2017-q1-update/bin/../lib/gcc/arm-none-eabi/6.3.1/../../../../arm-none-eabi/lib/thumb/v6-m\libg_nano.a(lib_a-wbuf.o)
 .ARM.attributes
                0x00000484       0x2c c:/program files (x86)/gnu tools arm embedded/6 2017-q1-update/bin/../lib/gcc/arm-none-eabi/6.3.1/../../../../arm-none-eabi/lib/thumb/v6-m\libg_nano.a(lib_a-wsetup.o)
 .ARM.attributes
                0x000004b0       0x2c c:/program files (x86)/gnu tools arm embedded/6 2017-q1-update/bin/../lib/gcc/arm-none-eabi/6.3.1/../../../../arm-none-eabi/lib/thumb/v6-m\libg_nano.a(lib_a-fflush.o)
 .ARM.attributes
                0x000004dc       0x2c c:/program files (x86)/gnu tools arm embedded/6 2017-q1-update/bin/../lib/gcc/arm-none-eabi/6.3.1/../../../../arm-none-eabi/lib/thumb/v6-m\libg_nano.a(lib_a-findfp.o)
 .ARM.attributes
                0x00000508       0x2c c:/program files (x86)/gnu tools arm embedded/6 2017-q1-update/bin/../lib/gcc/arm-none-eabi/6.3.1/../../../../arm-none-eabi/lib/thumb/v6-m\libg_nano.a(lib_a-fwalk.o)
 .ARM.attributes
                0x00000534       0x2c c:/program files (x86)/gnu tools arm embedded/6 2017-q1-update/bin/../lib/gcc/arm-none-eabi/6.3.1/../../../../arm-none-eabi/lib/thumb/v6-m\libg_nano.a(lib_a-makebuf.o)
 .ARM.attributes
                0x00000560       0x2c c:/program files (x86)/gnu tools arm embedded/6 2017-q1-update/bin/../lib/gcc/arm-none-eabi/6.3.1/../../../../arm-none-eabi/lib/thumb/v6-m\libg_nano.a(lib_a-nano-freer.o)
 .ARM.attributes
                0x0000058c       0x2c c:/program files (x86)/gnu tools arm embedded/6 2017-q1-update/bin/../lib/gcc/arm-none-eabi/6.3.1/../../../../arm-none-eabi/lib/thumb/v6-m\libg_nano.a(lib_a-nano-mallocr.o)
 .ARM.attributes
                0x000005b8       0x2c c:/program files (x86)/gnu tools arm embedded/6 2017-q1-update/bin/../lib/gcc/arm-none-eabi/6.3.1/../../../../arm-none-eabi/lib/thumb/v6-m\libg_nano.a(lib_a-nano-vfprintf.o)
 .ARM.attributes
                0x000005e4       0x2c c:/program files (x86)/gnu tools arm embedded/6 2017-q1-update/bin/../lib/gcc/arm-none-eabi/6.3.1/../../../../arm-none-eabi/lib/thumb/v6-m\libg_nano.a(lib_a-nano-vfprintf_i.o)
 .ARM.attributes
                0x00000610       0x2c c:/program files (x86)/gnu tools arm embedded/6 2017-q1-update/bin/../lib/gcc/arm-none-eabi/6.3.1/../../../../arm-none-eabi/lib/thumb/v6-m\libg_nano.a(lib_a-sbrkr.o)
 .ARM.attributes
                0x0000063c       0x2c c:/program files (x86)/gnu tools arm embedded/6 2017-q1-update/bin/../lib/gcc/arm-none-eabi/6.3.1/../../../../arm-none-eabi/lib/thumb/v6-m\libg_nano.a(lib_a-stdio.o)
 .ARM.attributes
                0x00000668       0x2c c:/program files (x86)/gnu tools arm embedded/6 2017-q1-update/bin/../lib/gcc/arm-none-eabi/6.3.1/../../../../arm-none-eabi/lib/thumb/v6-m\libg_nano.a(lib_a-writer.o)
 .ARM.attributes
                0x00000694       0x2c c:/program files (x86)/gnu tools arm embedded/6 2017-q1-update/bin/../lib/gcc/arm-none-eabi/6.3.1/../../../../arm-none-eabi/lib/thumb/v6-m\libg_nano.a(lib_a-closer.o)
 .ARM.attributes
                0x000006c0       0x2c c:/program files (x86)/gnu tools arm embedded/6 2017-q1-update/bin/../lib/gcc/arm-none-eabi/6.3.1/../../../../arm-none-eabi/lib/thumb/v6-m\libg_nano.a(lib_a-fstatr.o)
 .ARM.attributes
                0x000006ec       0x2c c:/program files (x86)/gnu tools arm embedded/6 2017-q1-update/bin/../lib/gcc/arm-none-eabi/6.3.1/../../../../arm-none-eabi/lib/thumb/v6-m\libg_nano.a(lib_a-isattyr.o)
 .ARM.attributes
                0x00000718       0x2c c:/program files (x86)/gnu tools arm embedded/6 2017-q1-update/bin/../lib/gcc/arm-none-eabi/6.3.1/../../../../arm-none-eabi/lib/thumb/v6-m\libg_nano.a(lib_a-lseekr.o)
 .ARM.attributes
                0x00000744       0x2c c:/program files (x86)/gnu tools arm embedded/6 2017-q1-update/bin/../lib/gcc/arm-none-eabi/6.3.1/../../../../arm-none-eabi/lib/thumb/v6-m\libg_nano.a(lib_a-memchr-stub.o)
 .ARM.attributes
                0x00000770       0x2c c:/program files (x86)/gnu tools arm embedded/6 2017-q1-update/bin/../lib/gcc/arm-none-eabi/6.3.1/../../../../arm-none-eabi/lib/thumb/v6-m\libg_nano.a(lib_a-mlock.o)
 .ARM.attributes
                0x0000079c       0x2c c:/program files (x86)/gnu tools arm embedded/6 2017-q1-update/bin/../lib/gcc/arm-none-eabi/6.3.1/../../../../arm-none-eabi/lib/thumb/v6-m\libg_nano.a(lib_a-readr.o)
 .ARM.attributes
                0x000007c8       0x2c c:/program files (x86)/gnu tools arm embedded/6 2017-q1-update/bin/../lib/gcc/arm-none-eabi/6.3.1/thumb/v6-m/crtend.o
 .ARM.attributes
                0x000007f4       0x1e c:/program files (x86)/gnu tools arm embedded/6 2017-q1-update/bin/../lib/gcc/arm-none-eabi/6.3.1/thumb/v6-m/crtn.o
 .ARM.attributes
                0x00000812       0x2c c:/program files (x86)/gnu tools arm embedded/6 2017-q1-update/bin/../lib/gcc/arm-none-eabi/6.3.1/../../../../arm-none-eabi/lib/thumb/v6-m\libnosys.a(sbrk.o)
 .ARM.attributes
                0x0000083e       0x2c c:/program files (x86)/gnu tools arm embedded/6 2017-q1-update/bin/../lib/gcc/arm-none-eabi/6.3.1/../../../../arm-none-eabi/lib/thumb/v6-m\libnosys.a(_exit.o)

.comment        0x00000000       0x7f
 .comment       0x00000000       0x7f ./User/ARGB.o
                                 0x80 (size before relaxing)
 .comment       0x0000007f       0x80 ./User/Word_Table.o
 .comment       0x0000007f       0x80 ./User/main.o
 .comment       0x0000007f       0x80 ./Library/StdDriver/src/clk.o
 .comment       0x0000007f       0x80 ./Library/StdDriver/src/fmc.o
 .comment       0x0000007f       0x80 ./Library/StdDriver/src/gpio.o
 .comment       0x0000007f       0x80 ./Library/StdDriver/src/retarget.o
 .comment       0x0000007f       0x80 ./Library/StdDriver/src/sys.o
 .comment       0x0000007f       0x80 ./Library/StdDriver/src/timer.o
 .comment       0x0000007f       0x80 ./Library/StdDriver/src/uart.o
 .comment       0x0000007f       0x80 ./CMSIS/GCC/_syscalls.o
 .comment       0x0000007f       0x80 ./CMSIS/system_M0A21.o

.debug_info     0x00000000     0x95c0
 .debug_info    0x00000000      0xd51 ./User/ARGB.o
 .debug_info    0x00000d51      0xbae ./User/Word_Table.o
 .debug_info    0x000018ff     0x1aa7 ./User/main.o
 .debug_info    0x000033a6      0xa52 ./Library/StdDriver/src/clk.o
 .debug_info    0x00003df8      0xd3a ./Library/StdDriver/src/fmc.o
 .debug_info    0x00004b32      0x2a4 ./Library/StdDriver/src/gpio.o
 .debug_info    0x00004dd6      0xdcb ./Library/StdDriver/src/retarget.o
 .debug_info    0x00005ba1      0x4e0 ./Library/StdDriver/src/sys.o
 .debug_info    0x00006081      0x6ab ./Library/StdDriver/src/timer.o
 .debug_info    0x0000672c     0x1106 ./Library/StdDriver/src/uart.o
 .debug_info    0x00007832     0x11bb ./CMSIS/GCC/_syscalls.o
 .debug_info    0x000089ed       0x7a ./CMSIS/GCC/startup_M0A21.o
 .debug_info    0x00008a67      0xb59 ./CMSIS/system_M0A21.o

.debug_abbrev   0x00000000     0x1c6f
 .debug_abbrev  0x00000000      0x25e ./User/ARGB.o
 .debug_abbrev  0x0000025e      0x271 ./User/Word_Table.o
 .debug_abbrev  0x000004cf      0x398 ./User/main.o
 .debug_abbrev  0x00000867      0x246 ./Library/StdDriver/src/clk.o
 .debug_abbrev  0x00000aad      0x2d0 ./Library/StdDriver/src/fmc.o
 .debug_abbrev  0x00000d7d      0x10c ./Library/StdDriver/src/gpio.o
 .debug_abbrev  0x00000e89      0x345 ./Library/StdDriver/src/retarget.o
 .debug_abbrev  0x000011ce      0x133 ./Library/StdDriver/src/sys.o
 .debug_abbrev  0x00001301      0x20b ./Library/StdDriver/src/timer.o
 .debug_abbrev  0x0000150c      0x2d3 ./Library/StdDriver/src/uart.o
 .debug_abbrev  0x000017df      0x289 ./CMSIS/GCC/_syscalls.o
 .debug_abbrev  0x00001a68       0x14 ./CMSIS/GCC/startup_M0A21.o
 .debug_abbrev  0x00001a7c      0x1f3 ./CMSIS/system_M0A21.o

.debug_loc      0x00000000     0x20f5
 .debug_loc     0x00000000      0x227 ./User/ARGB.o
 .debug_loc     0x00000227      0x140 ./User/Word_Table.o
 .debug_loc     0x00000367      0x3aa ./User/main.o
 .debug_loc     0x00000711      0x2f5 ./Library/StdDriver/src/clk.o
 .debug_loc     0x00000a06      0x3c2 ./Library/StdDriver/src/fmc.o
 .debug_loc     0x00000dc8       0x5f ./Library/StdDriver/src/gpio.o
 .debug_loc     0x00000e27      0x184 ./Library/StdDriver/src/retarget.o
 .debug_loc     0x00000fab       0x84 ./Library/StdDriver/src/sys.o
 .debug_loc     0x0000102f      0x518 ./Library/StdDriver/src/timer.o
 .debug_loc     0x00001547      0x61d ./Library/StdDriver/src/uart.o
 .debug_loc     0x00001b64      0x549 ./CMSIS/GCC/_syscalls.o
 .debug_loc     0x000020ad       0x48 ./CMSIS/system_M0A21.o

.debug_aranges  0x00000000      0x568
 .debug_aranges
                0x00000000       0x58 ./User/ARGB.o
 .debug_aranges
                0x00000058       0x30 ./User/Word_Table.o
 .debug_aranges
                0x00000088       0x78 ./User/main.o
 .debug_aranges
                0x00000100       0xc0 ./Library/StdDriver/src/clk.o
 .debug_aranges
                0x000001c0       0x70 ./Library/StdDriver/src/fmc.o
 .debug_aranges
                0x00000230       0x38 ./Library/StdDriver/src/gpio.o
 .debug_aranges
                0x00000268       0x70 ./Library/StdDriver/src/retarget.o
 .debug_aranges
                0x000002d8       0x70 ./Library/StdDriver/src/sys.o
 .debug_aranges
                0x00000348       0x78 ./Library/StdDriver/src/timer.o
 .debug_aranges
                0x000003c0       0x90 ./Library/StdDriver/src/uart.o
 .debug_aranges
                0x00000450       0xd0 ./CMSIS/GCC/_syscalls.o
 .debug_aranges
                0x00000520       0x20 ./CMSIS/GCC/startup_M0A21.o
 .debug_aranges
                0x00000540       0x28 ./CMSIS/system_M0A21.o

.debug_ranges   0x00000000      0x488
 .debug_ranges  0x00000000       0x48 ./User/ARGB.o
 .debug_ranges  0x00000048       0x20 ./User/Word_Table.o
 .debug_ranges  0x00000068       0x68 ./User/main.o
 .debug_ranges  0x000000d0       0xb0 ./Library/StdDriver/src/clk.o
 .debug_ranges  0x00000180       0x60 ./Library/StdDriver/src/fmc.o
 .debug_ranges  0x000001e0       0x28 ./Library/StdDriver/src/gpio.o
 .debug_ranges  0x00000208       0x60 ./Library/StdDriver/src/retarget.o
 .debug_ranges  0x00000268       0x60 ./Library/StdDriver/src/sys.o
 .debug_ranges  0x000002c8       0x68 ./Library/StdDriver/src/timer.o
 .debug_ranges  0x00000330       0x80 ./Library/StdDriver/src/uart.o
 .debug_ranges  0x000003b0       0xc0 ./CMSIS/GCC/_syscalls.o
 .debug_ranges  0x00000470       0x18 ./CMSIS/system_M0A21.o

.debug_line     0x00000000     0x2da6
 .debug_line    0x00000000      0x43a ./User/ARGB.o
 .debug_line    0x0000043a      0x421 ./User/Word_Table.o
 .debug_line    0x0000085b      0x5d9 ./User/main.o
 .debug_line    0x00000e34      0x40c ./Library/StdDriver/src/clk.o
 .debug_line    0x00001240      0x41a ./Library/StdDriver/src/fmc.o
 .debug_line    0x0000165a      0x24e ./Library/StdDriver/src/gpio.o
 .debug_line    0x000018a8      0x3e2 ./Library/StdDriver/src/retarget.o
 .debug_line    0x00001c8a      0x2ad ./Library/StdDriver/src/sys.o
 .debug_line    0x00001f37      0x357 ./Library/StdDriver/src/timer.o
 .debug_line    0x0000228e      0x43b ./Library/StdDriver/src/uart.o
 .debug_line    0x000026c9      0x3e3 ./CMSIS/GCC/_syscalls.o
 .debug_line    0x00002aac       0x64 ./CMSIS/GCC/startup_M0A21.o
 .debug_line    0x00002b10      0x296 ./CMSIS/system_M0A21.o

.debug_str      0x00000000     0x19c6
 .debug_str     0x00000000      0x687 ./User/ARGB.o
                                0x75b (size before relaxing)
 .debug_str     0x00000687       0xa3 ./User/Word_Table.o
                                0x704 (size before relaxing)
 .debug_str     0x0000072a      0x793 ./User/main.o
                                0xe43 (size before relaxing)
 .debug_str     0x00000ebd      0x230 ./Library/StdDriver/src/clk.o
                                0x682 (size before relaxing)
 .debug_str     0x000010ed       0xa0 ./Library/StdDriver/src/fmc.o
                                0x76c (size before relaxing)
 .debug_str     0x0000118d       0x7c ./Library/StdDriver/src/gpio.o
                                0x2c5 (size before relaxing)
 .debug_str     0x00001209       0x9f ./Library/StdDriver/src/retarget.o
                                0x74a (size before relaxing)
 .debug_str     0x000012a8       0xe8 ./Library/StdDriver/src/sys.o
                                0x451 (size before relaxing)
 .debug_str     0x00001390      0x176 ./Library/StdDriver/src/timer.o
                                0x4a0 (size before relaxing)
 .debug_str     0x00001506      0x1d9 ./Library/StdDriver/src/uart.o
                                0x983 (size before relaxing)
 .debug_str     0x000016df      0x2aa ./CMSIS/GCC/_syscalls.o
                                0x8a6 (size before relaxing)
 .debug_str     0x00001989       0x3d ./CMSIS/system_M0A21.o
                                0x6f6 (size before relaxing)

.debug_frame    0x00000000     0x13e4
 .debug_frame   0x00000000       0xc4 ./User/ARGB.o
 .debug_frame   0x000000c4       0x60 ./User/Word_Table.o
 .debug_frame   0x00000124      0x144 ./User/main.o
 .debug_frame   0x00000268      0x1d4 ./Library/StdDriver/src/clk.o
 .debug_frame   0x0000043c       0xfc ./Library/StdDriver/src/fmc.o
 .debug_frame   0x00000538       0x70 ./Library/StdDriver/src/gpio.o
 .debug_frame   0x000005a8       0xf0 ./Library/StdDriver/src/retarget.o
 .debug_frame   0x00000698       0xc8 ./Library/StdDriver/src/sys.o
 .debug_frame   0x00000760      0x104 ./Library/StdDriver/src/timer.o
 .debug_frame   0x00000864      0x16c ./Library/StdDriver/src/uart.o
 .debug_frame   0x000009d0      0x230 ./CMSIS/GCC/_syscalls.o
 .debug_frame   0x00000c00       0x38 ./CMSIS/system_M0A21.o
 .debug_frame   0x00000c38       0x20 c:/program files (x86)/gnu tools arm embedded/6 2017-q1-update/bin/../lib/gcc/arm-none-eabi/6.3.1/thumb/v6-m\libgcc.a(_udivsi3.o)
 .debug_frame   0x00000c58       0x20 c:/program files (x86)/gnu tools arm embedded/6 2017-q1-update/bin/../lib/gcc/arm-none-eabi/6.3.1/../../../../arm-none-eabi/lib/thumb/v6-m\libg_nano.a(lib_a-errno.o)
 .debug_frame   0x00000c78       0x28 c:/program files (x86)/gnu tools arm embedded/6 2017-q1-update/bin/../lib/gcc/arm-none-eabi/6.3.1/../../../../arm-none-eabi/lib/thumb/v6-m\libg_nano.a(lib_a-exit.o)
 .debug_frame   0x00000ca0       0x2c c:/program files (x86)/gnu tools arm embedded/6 2017-q1-update/bin/../lib/gcc/arm-none-eabi/6.3.1/../../../../arm-none-eabi/lib/thumb/v6-m\libg_nano.a(lib_a-init.o)
 .debug_frame   0x00000ccc       0x20 c:/program files (x86)/gnu tools arm embedded/6 2017-q1-update/bin/../lib/gcc/arm-none-eabi/6.3.1/../../../../arm-none-eabi/lib/thumb/v6-m\libg_nano.a(lib_a-memset.o)
 .debug_frame   0x00000cec       0x50 c:/program files (x86)/gnu tools arm embedded/6 2017-q1-update/bin/../lib/gcc/arm-none-eabi/6.3.1/../../../../arm-none-eabi/lib/thumb/v6-m\libg_nano.a(lib_a-printf.o)
 .debug_frame   0x00000d3c       0x44 c:/program files (x86)/gnu tools arm embedded/6 2017-q1-update/bin/../lib/gcc/arm-none-eabi/6.3.1/../../../../arm-none-eabi/lib/thumb/v6-m\libg_nano.a(lib_a-puts.o)
 .debug_frame   0x00000d80       0x48 c:/program files (x86)/gnu tools arm embedded/6 2017-q1-update/bin/../lib/gcc/arm-none-eabi/6.3.1/../../../../arm-none-eabi/lib/thumb/v6-m\libg_nano.a(lib_a-wbuf.o)
 .debug_frame   0x00000dc8       0x2c c:/program files (x86)/gnu tools arm embedded/6 2017-q1-update/bin/../lib/gcc/arm-none-eabi/6.3.1/../../../../arm-none-eabi/lib/thumb/v6-m\libg_nano.a(lib_a-wsetup.o)
 .debug_frame   0x00000df4       0x68 c:/program files (x86)/gnu tools arm embedded/6 2017-q1-update/bin/../lib/gcc/arm-none-eabi/6.3.1/../../../../arm-none-eabi/lib/thumb/v6-m\libg_nano.a(lib_a-fflush.o)
 .debug_frame   0x00000e5c      0x140 c:/program files (x86)/gnu tools arm embedded/6 2017-q1-update/bin/../lib/gcc/arm-none-eabi/6.3.1/../../../../arm-none-eabi/lib/thumb/v6-m\libg_nano.a(lib_a-findfp.o)
 .debug_frame   0x00000f9c       0x58 c:/program files (x86)/gnu tools arm embedded/6 2017-q1-update/bin/../lib/gcc/arm-none-eabi/6.3.1/../../../../arm-none-eabi/lib/thumb/v6-m\libg_nano.a(lib_a-fwalk.o)
 .debug_frame   0x00000ff4       0x54 c:/program files (x86)/gnu tools arm embedded/6 2017-q1-update/bin/../lib/gcc/arm-none-eabi/6.3.1/../../../../arm-none-eabi/lib/thumb/v6-m\libg_nano.a(lib_a-makebuf.o)
 .debug_frame   0x00001048       0x2c c:/program files (x86)/gnu tools arm embedded/6 2017-q1-update/bin/../lib/gcc/arm-none-eabi/6.3.1/../../../../arm-none-eabi/lib/thumb/v6-m\libg_nano.a(lib_a-nano-freer.o)
 .debug_frame   0x00001074       0x2c c:/program files (x86)/gnu tools arm embedded/6 2017-q1-update/bin/../lib/gcc/arm-none-eabi/6.3.1/../../../../arm-none-eabi/lib/thumb/v6-m\libg_nano.a(lib_a-nano-mallocr.o)
 .debug_frame   0x000010a0       0x9c c:/program files (x86)/gnu tools arm embedded/6 2017-q1-update/bin/../lib/gcc/arm-none-eabi/6.3.1/../../../../arm-none-eabi/lib/thumb/v6-m\libg_nano.a(lib_a-nano-vfprintf.o)
 .debug_frame   0x0000113c       0x54 c:/program files (x86)/gnu tools arm embedded/6 2017-q1-update/bin/../lib/gcc/arm-none-eabi/6.3.1/../../../../arm-none-eabi/lib/thumb/v6-m\libg_nano.a(lib_a-nano-vfprintf_i.o)
 .debug_frame   0x00001190       0x2c c:/program files (x86)/gnu tools arm embedded/6 2017-q1-update/bin/../lib/gcc/arm-none-eabi/6.3.1/../../../../arm-none-eabi/lib/thumb/v6-m\libg_nano.a(lib_a-sbrkr.o)
 .debug_frame   0x000011bc       0x90 c:/program files (x86)/gnu tools arm embedded/6 2017-q1-update/bin/../lib/gcc/arm-none-eabi/6.3.1/../../../../arm-none-eabi/lib/thumb/v6-m\libg_nano.a(lib_a-stdio.o)
 .debug_frame   0x0000124c       0x2c c:/program files (x86)/gnu tools arm embedded/6 2017-q1-update/bin/../lib/gcc/arm-none-eabi/6.3.1/../../../../arm-none-eabi/lib/thumb/v6-m\libg_nano.a(lib_a-writer.o)
 .debug_frame   0x00001278       0x2c c:/program files (x86)/gnu tools arm embedded/6 2017-q1-update/bin/../lib/gcc/arm-none-eabi/6.3.1/../../../../arm-none-eabi/lib/thumb/v6-m\libg_nano.a(lib_a-closer.o)
 .debug_frame   0x000012a4       0x2c c:/program files (x86)/gnu tools arm embedded/6 2017-q1-update/bin/../lib/gcc/arm-none-eabi/6.3.1/../../../../arm-none-eabi/lib/thumb/v6-m\libg_nano.a(lib_a-fstatr.o)
 .debug_frame   0x000012d0       0x2c c:/program files (x86)/gnu tools arm embedded/6 2017-q1-update/bin/../lib/gcc/arm-none-eabi/6.3.1/../../../../arm-none-eabi/lib/thumb/v6-m\libg_nano.a(lib_a-isattyr.o)
 .debug_frame   0x000012fc       0x2c c:/program files (x86)/gnu tools arm embedded/6 2017-q1-update/bin/../lib/gcc/arm-none-eabi/6.3.1/../../../../arm-none-eabi/lib/thumb/v6-m\libg_nano.a(lib_a-lseekr.o)
 .debug_frame   0x00001328       0x20 c:/program files (x86)/gnu tools arm embedded/6 2017-q1-update/bin/../lib/gcc/arm-none-eabi/6.3.1/../../../../arm-none-eabi/lib/thumb/v6-m\libg_nano.a(lib_a-memchr-stub.o)
 .debug_frame   0x00001348       0x30 c:/program files (x86)/gnu tools arm embedded/6 2017-q1-update/bin/../lib/gcc/arm-none-eabi/6.3.1/../../../../arm-none-eabi/lib/thumb/v6-m\libg_nano.a(lib_a-mlock.o)
 .debug_frame   0x00001378       0x2c c:/program files (x86)/gnu tools arm embedded/6 2017-q1-update/bin/../lib/gcc/arm-none-eabi/6.3.1/../../../../arm-none-eabi/lib/thumb/v6-m\libg_nano.a(lib_a-readr.o)
 .debug_frame   0x000013a4       0x20 c:/program files (x86)/gnu tools arm embedded/6 2017-q1-update/bin/../lib/gcc/arm-none-eabi/6.3.1/../../../../arm-none-eabi/lib/thumb/v6-m\libnosys.a(sbrk.o)
 .debug_frame   0x000013c4       0x20 c:/program files (x86)/gnu tools arm embedded/6 2017-q1-update/bin/../lib/gcc/arm-none-eabi/6.3.1/../../../../arm-none-eabi/lib/thumb/v6-m\libnosys.a(_exit.o)
